{
cased_property: string;
data_cased_property: {%Spatie\LaravelData\Tests\Fakes\SimpleData%};
data_collection_cased_property: Array<{%Spatie\LaravelData\Tests\Fakes\SimpleData%}>;
}