{
some_camel_case_property: string;
'some:non:standard:property': string;
}